{"code":"ECONNREFUSED","level":"error","message":"RabbitMQ connection error:","service":"notification-service","stack":"AggregateError [ECONNREFUSED]: \n    at internalConnectMultiple (node:net:1193:18)\n    at afterConnectMultiple (node:net:1783:7)","timestamp":"2026-03-21T20:06:05.703Z"}
{"level":"info","message":"Notification Service running on port 3004","service":"notification-service","timestamp":"2026-03-21T20:06:05.710Z"}
{"code":"ECONNREFUSED","level":"error","message":"RabbitMQ connection error:","service":"notification-service","stack":"AggregateError [ECONNREFUSED]: \n    at internalConnectMultiple (node:net:1193:18)\n    at afterConnectMultiple (node:net:1783:7)","timestamp":"2026-03-21T20:30:09.135Z"}
{"level":"info","message":"Notification Service running on port 3004","service":"notification-service","timestamp":"2026-03-21T20:30:09.147Z"}
{"code":"ECONNREFUSED","level":"error","message":"RabbitMQ connection error:","service":"notification-service","stack":"AggregateError [ECONNREFUSED]: \n    at internalConnectMultiple (node:net:1193:18)\n    at afterConnectMultiple (node:net:1783:7)","timestamp":"2026-03-24T14:20:01.739Z"}
{"level":"info","message":"Notification Service running on port 3004","service":"notification-service","timestamp":"2026-03-24T14:20:01.754Z"}
{"level":"info","message":"Notification Service connected to RabbitMQ and consuming events","service":"notification-service","timestamp":"2026-03-25T07:09:23.699Z"}
{"level":"info","message":"Notification Service running on port 3004","service":"notification-service","timestamp":"2026-03-25T07:09:23.706Z"}
{"appointmentId":"69c2bd88bc4d69b4f51ee4aa","date":"2026-03-25T00:00:00.000Z","doctorId":"69c29df6db31586e9758c6f0","doctorName":"Arun Kumar","level":"info","message":"Received event: appointment.completed","patientEmail":"dr.kumar@demo.com","patientId":"69c29df6db31586e9758c6e9","patientName":"Priya Patel","service":"notification-service","status":"completed","timeSlot":{"endTime":"13:30","startTime":"13:00"},"timestamp":"2026-03-25T07:35:09.353Z"}
{"level":"info","message":"Notification created: Appointment Completed for user 69c29df6db31586e9758c6e9","service":"notification-service","timestamp":"2026-03-25T07:35:09.355Z"}
{"appointmentId":"69c39627d14c01805f6715b2","date":"2026-03-26T00:00:00.000Z","doctorId":"69c29df6db31586e9758c702","doctorName":"Vikram Gupta","level":"info","message":"Received event: appointment.booked","patientEmail":"patient2@demo.com","patientId":"69c29df6db31586e9758c6e8","patientName":"Priya Patel","service":"notification-service","timeSlot":{"endTime":"12:00","startTime":"11:30"},"timestamp":"2026-03-25T08:00:39.584Z","type":"consultation"}
{"level":"info","message":"Notification created: Appointment Booked for user 69c29df6db31586e9758c6e8","service":"notification-service","timestamp":"2026-03-25T08:00:39.605Z"}
{"appointmentId":"69c39627d14c01805f6715b2","date":"2026-03-26T00:00:00.000Z","doctorId":"69c29df6db31586e9758c702","level":"info","message":"Received event: appointment.created","patientId":"69c29df6db31586e9758c6e8","service":"notification-service","timeSlot":{"endTime":"12:00","startTime":"11:30"},"timestamp":"2026-03-25T08:00:39.606Z"}
{"level":"info","message":"Notification created: Appointment Booked for user 69c29df6db31586e9758c6e8","service":"notification-service","timestamp":"2026-03-25T08:00:39.606Z"}
{"appointmentId":"69c39627d14c01805f6715b2","date":"2026-03-26T00:00:00.000Z","doctorId":"69c29df6db31586e9758c702","doctorName":"Vikram Gupta","level":"info","message":"Received event: appointment.confirmed","patientEmail":"patient2@demo.com","patientId":"69c29df6db31586e9758c6e8","patientName":"Priya Patel","service":"notification-service","status":"confirmed","timeSlot":{"endTime":"12:00","startTime":"11:30"},"timestamp":"2026-03-25T08:03:24.902Z"}
{"level":"info","message":"Notification created: Appointment Confirmed for user 69c29df6db31586e9758c6e8","service":"notification-service","timestamp":"2026-03-25T08:03:24.903Z"}
{"appointmentId":"69c39627d14c01805f6715b2","date":"2026-03-26T00:00:00.000Z","doctorId":"69c29df6db31586e9758c702","doctorName":"Vikram Gupta","level":"info","message":"Received event: appointment.cancelled","patientEmail":"patient2@demo.com","patientId":"69c29df6db31586e9758c6e8","patientName":"Priya Patel","service":"notification-service","status":"cancelled","timeSlot":{"endTime":"12:00","startTime":"11:30"},"timestamp":"2026-03-25T08:06:25.380Z"}
{"level":"info","message":"Notification created: Appointment Cancelled for user 69c29df6db31586e9758c6e8","service":"notification-service","timestamp":"2026-03-25T08:06:25.381Z"}
{"level":"info","message":"Notification Service connected to RabbitMQ and consuming events","service":"notification-service","timestamp":"2026-03-25T08:09:41.454Z"}
{"level":"info","message":"Notification Service running on port 3004","service":"notification-service","timestamp":"2026-03-25T08:09:41.468Z"}
{"level":"info","message":"Notification Service connected to RabbitMQ and consuming events","service":"notification-service","timestamp":"2026-03-25T16:45:37.621Z"}
{"level":"info","message":"Notification Service running on port 3004","service":"notification-service","timestamp":"2026-03-25T16:45:37.626Z"}
{"appointmentId":"69c41c5f182ce1db7cb491ca","date":"2026-03-26T00:00:00.000Z","doctorId":"69c29df6db31586e9758c714","doctorName":"Amit Das","level":"info","message":"Received event: appointment.booked","patientEmail":"patient1@demo.com","patientId":"69c29df6db31586e9758c6e7","patientName":"Rahul Sharma","service":"notification-service","timeSlot":{"endTime":"11:00","startTime":"10:30"},"timestamp":"2026-03-25T17:33:19.802Z","type":"consultation"}
{"level":"info","message":"Notification created: Appointment Booked for user 69c29df6db31586e9758c6e7","service":"notification-service","timestamp":"2026-03-25T17:33:19.825Z"}
{"appointmentId":"69c41c5f182ce1db7cb491ca","date":"2026-03-26T00:00:00.000Z","doctorId":"69c29df6db31586e9758c714","level":"info","message":"Received event: appointment.created","patientId":"69c29df6db31586e9758c6e7","service":"notification-service","timeSlot":{"endTime":"11:00","startTime":"10:30"},"timestamp":"2026-03-25T17:33:19.828Z"}
{"level":"info","message":"Notification created: Appointment Booked for user 69c29df6db31586e9758c6e7","service":"notification-service","timestamp":"2026-03-25T17:33:19.828Z"}
{"level":"info","message":"Notification Service connected to RabbitMQ and consuming events","service":"notification-service","timestamp":"2026-03-25T18:09:47.016Z"}
{"level":"info","message":"Notification Service running on port 3004","service":"notification-service","timestamp":"2026-03-25T18:09:47.023Z"}
{"level":"info","message":"Notification Service connected to RabbitMQ and consuming events","service":"notification-service","timestamp":"2026-03-28T07:58:34.986Z"}
{"level":"info","message":"Notification Service running on port 3004","service":"notification-service","timestamp":"2026-03-28T07:58:34.992Z"}
{"appointmentId":"69c78ae32018cbd3d446be01","date":"2026-04-15T00:00:00.000Z","doctorId":"69c29df6db31586e9758c702","doctorName":"Vikram Gupta","level":"info","message":"Received event: appointment.booked","patientEmail":"soumikju2004@gmail.com","patientId":"69c2be7965fdefbd68c146dc","patientName":"Soumik Mandal","service":"notification-service","timeSlot":{"endTime":"10:00","startTime":"09:30"},"timestamp":"2026-03-28T08:01:39.570Z","type":"consultation"}
{"level":"info","message":"Notification created: Appointment Booked for user 69c2be7965fdefbd68c146dc","service":"notification-service","timestamp":"2026-03-28T08:01:39.597Z"}
{"level":"warn","message":"SMTP credentials not configured. Skipping email sending. To enable emails, add SMTP_USER and SMTP_PASS to notification-service/.env","service":"notification-service","timestamp":"2026-03-28T08:01:39.598Z"}
{"appointmentId":"69c78ae32018cbd3d446be01","date":"2026-04-15T00:00:00.000Z","doctorId":"69c29df6db31586e9758c702","level":"info","message":"Received event: appointment.created","patientId":"69c2be7965fdefbd68c146dc","service":"notification-service","timeSlot":{"endTime":"10:00","startTime":"09:30"},"timestamp":"2026-03-28T08:01:39.599Z"}
{"level":"info","message":"Notification created: Appointment Booked for user 69c2be7965fdefbd68c146dc","service":"notification-service","timestamp":"2026-03-28T08:01:39.600Z"}
{"appointmentId":"69c78ae32018cbd3d446be01","date":"2026-04-15T00:00:00.000Z","doctorId":"69c29df6db31586e9758c702","doctorName":"Vikram Gupta","level":"info","message":"Received event: appointment.confirmed","patientEmail":"soumikju2004@gmail.com","patientId":"69c2be7965fdefbd68c146dc","patientName":"Soumik Mandal","service":"notification-service","status":"confirmed","timeSlot":{"endTime":"10:00","startTime":"09:30"},"timestamp":"2026-03-28T08:12:17.236Z"}
{"level":"info","message":"Notification created: Appointment Confirmed for user 69c2be7965fdefbd68c146dc","service":"notification-service","timestamp":"2026-03-28T08:12:17.238Z"}
{"level":"warn","message":"SMTP credentials not configured. Skipping email sending. To enable emails, add SMTP_USER and SMTP_PASS to notification-service/.env","service":"notification-service","timestamp":"2026-03-28T08:12:17.242Z"}
{"appointmentId":"69c7921e2018cbd3d446be1d","date":"2026-03-29T00:00:00.000Z","doctorId":"69c29df6db31586e9758c702","doctorName":"Vikram Gupta","level":"info","message":"Received event: appointment.booked","patientEmail":"patient1@demo.com","patientId":"69c29df6db31586e9758c6e7","patientName":"Rahul Sharma","service":"notification-service","timeSlot":{"endTime":"10:30","startTime":"10:00"},"timestamp":"2026-03-28T08:32:30.641Z","type":"consultation"}
{"level":"info","message":"Notification created: Appointment Booked for user 69c29df6db31586e9758c6e7","service":"notification-service","timestamp":"2026-03-28T08:32:30.644Z"}
{"level":"warn","message":"SMTP credentials not configured. Skipping email sending. To enable emails, add SMTP_USER and SMTP_PASS to notification-service/.env","service":"notification-service","timestamp":"2026-03-28T08:32:30.648Z"}
{"appointmentId":"69c7921e2018cbd3d446be1d","date":"2026-03-29T00:00:00.000Z","doctorId":"69c29df6db31586e9758c702","level":"info","message":"Received event: appointment.created","patientId":"69c29df6db31586e9758c6e7","service":"notification-service","timeSlot":{"endTime":"10:30","startTime":"10:00"},"timestamp":"2026-03-28T08:32:30.673Z"}
{"level":"info","message":"Notification created: Appointment Booked for user 69c29df6db31586e9758c6e7","service":"notification-service","timestamp":"2026-03-28T08:32:30.681Z"}
{"appointmentId":"69c7921e2018cbd3d446be1d","date":"2026-03-29T00:00:00.000Z","doctorId":"69c29df6db31586e9758c702","doctorName":"Vikram Gupta","level":"info","message":"Received event: appointment.confirmed","patientEmail":"patient1@demo.com","patientId":"69c29df6db31586e9758c6e7","patientName":"Rahul Sharma","service":"notification-service","status":"confirmed","timeSlot":{"endTime":"10:30","startTime":"10:00"},"timestamp":"2026-03-28T08:32:42.815Z"}
{"level":"info","message":"Notification created: Appointment Confirmed for user 69c29df6db31586e9758c6e7","service":"notification-service","timestamp":"2026-03-28T08:32:42.822Z"}
{"level":"warn","message":"SMTP credentials not configured. Skipping email sending. To enable emails, add SMTP_USER and SMTP_PASS to notification-service/.env","service":"notification-service","timestamp":"2026-03-28T08:32:42.824Z"}
{"code":"ECONNRESET","errno":-4077,"level":"error","message":"RabbitMQ error: read ECONNRESET","service":"notification-service","stack":"Error: read ECONNRESET\n    at TLSWrap.onStreamRead (node:internal/stream_base_commons:216:20)","syscall":"read","timestamp":"2026-03-28T08:33:40.893Z"}
{"level":"warn","message":"RabbitMQ closed. Reconnecting...","service":"notification-service","timestamp":"2026-03-28T08:33:40.997Z"}
{"code":"ECONNRESET","errno":-4077,"level":"error","message":"RabbitMQ connection error: read ECONNRESET","service":"notification-service","stack":"Error: read ECONNRESET\n    at TLSWrap.onStreamRead (node:internal/stream_base_commons:216:20)","syscall":"read","timestamp":"2026-03-28T08:34:28.399Z"}
{"level":"info","message":"Notification Service connected to RabbitMQ and consuming events","service":"notification-service","timestamp":"2026-03-28T09:16:37.575Z"}
{"level":"info","message":"Notification Service running on port 3004","service":"notification-service","timestamp":"2026-03-28T09:16:37.584Z"}
